main.c:32:6:clearAllClock	8	static
main.c:40:6:setNumberOnClock	16	static
main.c:61:6:clearNumberOnClock	16	static
main.c:132:9:getHourHandPosition	24	static
main.c:148:9:getMinuteHandPosition	24	static
main.c:166:9:getSecondHandPosition	24	static
main.c:183:6:displayAnalogClock	16	static
main.c:201:6:updateClockTime	4	static
main.c:225:6:setClockTime	16	static
main.c:239:5:main	8	static
main.c:289:6:SystemClock_Config	72	static
main.c:325:13:MX_TIM2_Init	32	static
main.c:370:13:MX_GPIO_Init	32	static
main.c:403:6:Error_Handler	4	static,ignoring_inline_asm
