main.c:85:5:main	8	static
main.c:153:6:SystemClock_Config	72	static
main.c:189:13:MX_TIM2_Init	32	static
main.c:234:13:MX_GPIO_Init	32	static
main.c:276:6:setTimer0	16	static
main.c:277:6:setTimer1	16	static
main.c:278:6:setTimer2	16	static
main.c:279:6:timer_run	4	static
main.c:285:6:updateLEDMatrix	24	static
main.c:313:6:updateClockBuffer	4	static
main.c:322:6:update7SEG	16	static
main.c:349:6:display7SEG	16	static
main.c:476:6:HAL_TIM_PeriodElapsedCallback	16	static
main.c:487:6:Error_Handler	4	static,ignoring_inline_asm
